// Jest Snapshot v1, https://goo.gl/fbAQLP

exports[`renders Checkbox with custom testID 1`] = `
<View
  accessibilityLiveRegion="polite"
  accessibilityRole="checkbox"
  accessibilityState={
    Object {
      "checked": true,
      "disabled": undefined,
    }
  }
  accessible={true}
  focusable={false}
  onClick={[Function]}
  onResponderGrant={[Function]}
  onResponderMove={[Function]}
  onResponderRelease={[Function]}
  onResponderTerminate={[Function]}
  onResponderTerminationRequest={[Function]}
  onStartShouldSetResponder={[Function]}
  style={
    Array [
      Object {
        "overflow": "hidden",
      },
      Object {
        "borderRadius": 18,
        "padding": 6,
      },
    ]
  }
  testID="custom:testID"
>
  <View
    style={
      Object {
        "opacity": 1,
      }
    }
  >
    <Text
      accessibilityElementsHidden={true}
      allowFontScaling={false}
      importantForAccessibility="no-hide-descendants"
      pointerEvents="none"
      style={
        Array [
          Object {
            "color": "#03dac4",
            "fontSize": 24,
          },
          Array [
            Object {
              "transform": Array [
                Object {
                  "scaleX": 1,
                },
              ],
            },
            Object {
              "backgroundColor": "transparent",
            },
          ],
          Object {
            "fontFamily": "Material Design Icons",
            "fontStyle": "normal",
            "fontWeight": "normal",
          },
          Object {},
        ]
      }
    >
      
    </Text>
  </View>
</View>
`;

exports[`renders checked Checkbox with color 1`] = `
<View
  accessibilityLiveRegion="polite"
  accessibilityRole="checkbox"
  accessibilityState={
    Object {
      "checked": true,
      "disabled": undefined,
    }
  }
  accessible={true}
  focusable={false}
  onClick={[Function]}
  onResponderGrant={[Function]}
  onResponderMove={[Function]}
  onResponderRelease={[Function]}
  onResponderTerminate={[Function]}
  onResponderTerminationRequest={[Function]}
  onStartShouldSetResponder={[Function]}
  style={
    Array [
      Object {
        "overflow": "hidden",
      },
      Object {
        "borderRadius": 18,
        "padding": 6,
      },
    ]
  }
>
  <View
    style={
      Object {
        "opacity": 1,
      }
    }
  >
    <Text
      accessibilityElementsHidden={true}
      allowFontScaling={false}
      importantForAccessibility="no-hide-descendants"
      pointerEvents="none"
      style={
        Array [
          Object {
            "color": "red",
            "fontSize": 24,
          },
          Array [
            Object {
              "transform": Array [
                Object {
                  "scaleX": 1,
                },
              ],
            },
            Object {
              "backgroundColor": "transparent",
            },
          ],
          Object {
            "fontFamily": "Material Design Icons",
            "fontStyle": "normal",
            "fontWeight": "normal",
          },
          Object {},
        ]
      }
    >
      
    </Text>
  </View>
</View>
`;

exports[`renders checked Checkbox with onPress 1`] = `
<View
  accessibilityLiveRegion="polite"
  accessibilityRole="checkbox"
  accessibilityState={
    Object {
      "checked": true,
      "disabled": undefined,
    }
  }
  accessible={true}
  focusable={true}
  onClick={[Function]}
  onResponderGrant={[Function]}
  onResponderMove={[Function]}
  onResponderRelease={[Function]}
  onResponderTerminate={[Function]}
  onResponderTerminationRequest={[Function]}
  onStartShouldSetResponder={[Function]}
  style={
    Array [
      Object {
        "overflow": "hidden",
      },
      Object {
        "borderRadius": 18,
        "padding": 6,
      },
    ]
  }
>
  <View
    style={
      Object {
        "opacity": 1,
      }
    }
  >
    <Text
      accessibilityElementsHidden={true}
      allowFontScaling={false}
      importantForAccessibility="no-hide-descendants"
      pointerEvents="none"
      style={
        Array [
          Object {
            "color": "#03dac4",
            "fontSize": 24,
          },
          Array [
            Object {
              "transform": Array [
                Object {
                  "scaleX": 1,
                },
              ],
            },
            Object {
              "backgroundColor": "transparent",
            },
          ],
          Object {
            "fontFamily": "Material Design Icons",
            "fontStyle": "normal",
            "fontWeight": "normal",
          },
          Object {},
        ]
      }
    >
      
    </Text>
  </View>
</View>
`;

exports[`renders indeterminate Checkbox 1`] = `
<View
  accessibilityLiveRegion="polite"
  accessibilityRole="checkbox"
  accessibilityState={
    Object {
      "checked": false,
      "disabled": undefined,
    }
  }
  accessible={true}
  focusable={true}
  onClick={[Function]}
  onResponderGrant={[Function]}
  onResponderMove={[Function]}
  onResponderRelease={[Function]}
  onResponderTerminate={[Function]}
  onResponderTerminationRequest={[Function]}
  onStartShouldSetResponder={[Function]}
  style={
    Array [
      Object {
        "overflow": "hidden",
      },
      Object {
        "borderRadius": 18,
        "padding": 6,
      },
    ]
  }
>
  <View
    style={
      Object {
        "opacity": 1,
      }
    }
  >
    <Text
      accessibilityElementsHidden={true}
      allowFontScaling={false}
      importantForAccessibility="no-hide-descendants"
      pointerEvents="none"
      style={
        Array [
          Object {
            "color": "#03dac4",
            "fontSize": 24,
          },
          Array [
            Object {
              "transform": Array [
                Object {
                  "scaleX": 1,
                },
              ],
            },
            Object {
              "backgroundColor": "transparent",
            },
          ],
          Object {
            "fontFamily": "Material Design Icons",
            "fontStyle": "normal",
            "fontWeight": "normal",
          },
          Object {},
        ]
      }
    >
      
    </Text>
  </View>
</View>
`;

exports[`renders indeterminate Checkbox with color 1`] = `
<View
  accessibilityLiveRegion="polite"
  accessibilityRole="checkbox"
  accessibilityState={
    Object {
      "checked": false,
      "disabled": undefined,
    }
  }
  accessible={true}
  focusable={false}
  onClick={[Function]}
  onResponderGrant={[Function]}
  onResponderMove={[Function]}
  onResponderRelease={[Function]}
  onResponderTerminate={[Function]}
  onResponderTerminationRequest={[Function]}
  onStartShouldSetResponder={[Function]}
  style={
    Array [
      Object {
        "overflow": "hidden",
      },
      Object {
        "borderRadius": 18,
        "padding": 6,
      },
    ]
  }
>
  <View
    style={
      Object {
        "opacity": 1,
      }
    }
  >
    <Text
      accessibilityElementsHidden={true}
      allowFontScaling={false}
      importantForAccessibility="no-hide-descendants"
      pointerEvents="none"
      style={
        Array [
          Object {
            "color": "red",
            "fontSize": 24,
          },
          Array [
            Object {
              "transform": Array [
                Object {
                  "scaleX": 1,
                },
              ],
            },
            Object {
              "backgroundColor": "transparent",
            },
          ],
          Object {
            "fontFamily": "Material Design Icons",
            "fontStyle": "normal",
            "fontWeight": "normal",
          },
          Object {},
        ]
      }
    >
      
    </Text>
  </View>
</View>
`;

exports[`renders unchecked Checkbox with color 1`] = `
<View
  accessibilityLiveRegion="polite"
  accessibilityRole="checkbox"
  accessibilityState={
    Object {
      "checked": true,
      "disabled": undefined,
    }
  }
  accessible={true}
  focusable={false}
  onClick={[Function]}
  onResponderGrant={[Function]}
  onResponderMove={[Function]}
  onResponderRelease={[Function]}
  onResponderTerminate={[Function]}
  onResponderTerminationRequest={[Function]}
  onStartShouldSetResponder={[Function]}
  style={
    Array [
      Object {
        "overflow": "hidden",
      },
      Object {
        "borderRadius": 18,
        "padding": 6,
      },
    ]
  }
>
  <View
    style={
      Object {
        "opacity": 1,
      }
    }
  >
    <Text
      accessibilityElementsHidden={true}
      allowFontScaling={false}
      importantForAccessibility="no-hide-descendants"
      pointerEvents="none"
      style={
        Array [
          Object {
            "color": "red",
            "fontSize": 24,
          },
          Array [
            Object {
              "transform": Array [
                Object {
                  "scaleX": 1,
                },
              ],
            },
            Object {
              "backgroundColor": "transparent",
            },
          ],
          Object {
            "fontFamily": "Material Design Icons",
            "fontStyle": "normal",
            "fontWeight": "normal",
          },
          Object {},
        ]
      }
    >
      
    </Text>
  </View>
</View>
`;

exports[`renders unchecked Checkbox with onPress 1`] = `
<View
  accessibilityLiveRegion="polite"
  accessibilityRole="checkbox"
  accessibilityState={
    Object {
      "checked": false,
      "disabled": undefined,
    }
  }
  accessible={true}
  focusable={true}
  onClick={[Function]}
  onResponderGrant={[Function]}
  onResponderMove={[Function]}
  onResponderRelease={[Function]}
  onResponderTerminate={[Function]}
  onResponderTerminationRequest={[Function]}
  onStartShouldSetResponder={[Function]}
  style={
    Array [
      Object {
        "overflow": "hidden",
      },
      Object {
        "borderRadius": 18,
        "padding": 6,
      },
    ]
  }
>
  <View
    style={
      Object {
        "opacity": 0,
      }
    }
  >
    <Text
      accessibilityElementsHidden={true}
      allowFontScaling={false}
      importantForAccessibility="no-hide-descendants"
      pointerEvents="none"
      style={
        Array [
          Object {
            "color": "#03dac4",
            "fontSize": 24,
          },
          Array [
            Object {
              "transform": Array [
                Object {
                  "scaleX": 1,
                },
              ],
            },
            Object {
              "backgroundColor": "transparent",
            },
          ],
          Object {
            "fontFamily": "Material Design Icons",
            "fontStyle": "normal",
            "fontWeight": "normal",
          },
          Object {},
        ]
      }
    >
      
    </Text>
  </View>
</View>
`;
